src/components/accounts/AccountsToolbar.tsx(1,18): error TS6133: 'Filter' is declared but its value is never read.
src/components/accounts/ImportWizard.tsx(23,10): error TS6133: 'ImportedRow' is declared but its value is never read.
